Starting a Gradle Daemon, 1 incompatible and 1 stopped Daemons could not be reused, use --status for details

> Configure project :
Fabric Loom: 1.6.12

> Task :clean

> Task :compileJava
gradle.bat : C:\Users\adamo\Desktop\mod\src\main\java\com\inventorymaster\clien
t\InventoryManager.java:3: error: package net.minecraft.item does not exist
Au caractère Ligne:1 : 55
+ ... \jdk-21.0.11"; & "gradle-8.7\bin\gradle.bat" clean build 2>&1 | Tee-O ...
+                    ~~~~~~~~~~~~~~~~~~~~~~~~~~~~~~~~~~~~~~~~~~~~~~
    + CategoryInfo          : NotSpecified: (C:\Users\adamo\... does not exist 
   :String) [], RemoteException
    + FullyQualifiedErrorId : NativeCommandError
 
import net.minecraft.item.ItemStack;
                         ^
C:\Users\adamo\Desktop\mod\src\main\java\com\inventorymaster\client\InventoryMa
nager.java:4: error: package net.minecraft.inventory does not exist
import net.minecraft.inventory.Inventory;
                              ^
C:\Users\adamo\Desktop\mod\src\main\java\com\inventorymaster\client\InventoryMa
nager.java:26: error: cannot find symbol
	public void sortInventory(Inventory inventory) {
	                          ^
  symbol:   class Inventory
  location: class InventoryManager
C:\Users\adamo\Desktop\mod\src\main\java\com\inventorymaster\client\InventoryMa
nager.java:67: error: cannot find symbol
	private List<ItemStack> mergeSimilarStacks(List<ItemStack> items) {
	                                                ^
  symbol:   class ItemStack
  location: class InventoryManager
C:\Users\adamo\Desktop\mod\src\main\java\com\inventorymaster\client\InventoryMa
nager.java:67: error: cannot find symbol
	private List<ItemStack> mergeSimilarStacks(List<ItemStack> items) {
	             ^
  symbol:   class ItemStack
  location: class InventoryManager
C:\Users\adamo\Desktop\mod\src\main\java\com\inventorymaster\client\InventoryMa
sterClient.java:6: error: package net.minecraft.client.option does not exist
import net.minecraft.client.option.KeyBinding;
                                  ^
C:\Users\adamo\Desktop\mod\src\main\java\com\inventorymaster\client\InventoryMa
sterClient.java:7: error: package net.minecraft.client.util does not exist
import net.minecraft.client.util.InputUtil;
                                ^
C:\Users\adamo\Desktop\mod\src\main\java\com\inventorymaster\client\InventoryMa
sterClient.java:15: error: cannot find symbol
	public static KeyBinding sortKey;
	              ^
  symbol:   class KeyBinding
  location: class InventoryMasterClient
C:\Users\adamo\Desktop\mod\src\main\java\com\inventorymaster\client\InventoryMa
sterClient.java:16: error: cannot find symbol
	public static KeyBinding searchKey;
	              ^
  symbol:   class KeyBinding
  location: class InventoryMasterClient
C:\Users\adamo\Desktop\mod\src\main\java\com\inventorymaster\client\InventoryMa
sterClient.java:17: error: cannot find symbol
	public static KeyBinding favoriteKey;
	              ^
  symbol:   class KeyBinding
  location: class InventoryMasterClient
C:\Users\adamo\Desktop\mod\src\main\java\com\inventorymaster\client\ItemCategor
izer.java:3: error: package net.minecraft.item does not exist
import net.minecraft.item.ItemStack;
                         ^
C:\Users\adamo\Desktop\mod\src\main\java\com\inventorymaster\client\ItemCategor
izer.java:4: error: package net.minecraft.item does not exist
import net.minecraft.item.Items;
                         ^
C:\Users\adamo\Desktop\mod\src\main\java\com\inventorymaster\client\ItemCategor
izer.java:43: error: cannot find symbol
	public ItemCategory categorize(ItemStack item) {
	                               ^
  symbol:   class ItemStack
  location: class ItemCategorizer
C:\Users\adamo\Desktop\mod\src\main\java\com\inventorymaster\client\ItemCategor
izer.java:94: error: cannot find symbol
	public List<ItemStack> categorizeAndSort(List<ItemStack> items) {
	                                              ^
  symbol:   class ItemStack
  location: class ItemCategorizer
C:\Users\adamo\Desktop\mod\src\main\java\com\inventorymaster\client\ItemCategor
izer.java:94: error: cannot find symbol
	public List<ItemStack> categorizeAndSort(List<ItemStack> items) {
	            ^
  symbol:   class ItemStack
  location: class ItemCategorizer
C:\Users\adamo\Desktop\mod\src\main\java\com\inventorymaster\client\ItemCategor
izer.java:106: error: cannot find symbol
	public List<ItemStack> getItemsByCategory(List<ItemStack> items, ItemCategory 
category) {
	                                               ^
  symbol:   class ItemStack
  location: class ItemCategorizer
C:\Users\adamo\Desktop\mod\src\main\java\com\inventorymaster\client\ItemCategor
izer.java:106: error: cannot find symbol
	public List<ItemStack> getItemsByCategory(List<ItemStack> items, ItemCategory 
category) {
	            ^
  symbol:   class ItemStack
  location: class ItemCategorizer
C:\Users\adamo\Desktop\mod\src\main\java\com\inventorymaster\client\ItemSearche
r.java:3: error: package net.minecraft.item does not exist
import net.minecraft.item.ItemStack;
                         ^
C:\Users\adamo\Desktop\mod\src\main\java\com\inventorymaster\client\ItemSearche
r.java:4: error: package net.minecraft.text does not exist
import net.minecraft.text.Text;
                         ^
C:\Users\adamo\Desktop\mod\src\main\java\com\inventorymaster\client\ItemSearche
r.java:26: error: cannot find symbol
	public List<ItemStack> search(List<ItemStack> items, String query) {
	                                   ^
  symbol:   class ItemStack
  location: class ItemSearcher
C:\Users\adamo\Desktop\mod\src\main\java\com\inventorymaster\client\ItemSearche
r.java:26: error: cannot find symbol
	public List<ItemStack> search(List<ItemStack> items, String query) {
	            ^
  symbol:   class ItemStack
  location: class ItemSearcher
C:\Users\adamo\Desktop\mod\src\main\java\com\inventorymaster\client\ItemSearche
r.java:43: error: cannot find symbol
	public List<ItemStack> fuzzySearch(List<ItemStack> items, String query) {
	                                        ^
  symbol:   class ItemStack
  location: class ItemSearcher
C:\Users\adamo\Desktop\mod\src\main\java\com\inventorymaster\client\ItemSearche
r.java:43: error: cannot find symbol
	public List<ItemStack> fuzzySearch(List<ItemStack> items, String query) {
	            ^
  symbol:   class ItemStack
  location: class ItemSearcher
C:\Users\adamo\Desktop\mod\src\main\java\com\inventorymaster\client\ItemSearche
r.java:69: error: cannot find symbol
	public List<String> getSuggestions(List<ItemStack> items, String prefix) {
	                                        ^
  symbol:   class ItemStack
  location: class ItemSearcher
C:\Users\adamo\Desktop\mod\src\main\java\com\inventorymaster\client\SmartDeposi
tSystem.java:3: error: package net.minecraft.util.math does not exist
import net.minecraft.util.math.BlockPos;
                              ^
C:\Users\adamo\Desktop\mod\src\main\java\com\inventorymaster\client\SmartDeposi
tSystem.java:11: error: cannot find symbol
	private final Map<BlockPos, ItemCategorizer.ItemCategory> chestCategories = 
new HashMap<>();
	                  ^
  symbol:   class BlockPos
  location: class SmartDepositSystem
C:\Users\adamo\Desktop\mod\src\main\java\com\inventorymaster\client\SmartDeposi
tSystem.java:12: error: cannot find symbol
	private final Map<ItemCategorizer.ItemCategory, List<BlockPos>> 
categoryChests = new HashMap<>();
	                                                     ^
  symbol:   class BlockPos
  location: class SmartDepositSystem
C:\Users\adamo\Desktop\mod\src\main\java\com\inventorymaster\client\SmartDeposi
tSystem.java:31: error: cannot find symbol
	public void registerChest(BlockPos pos, ItemCategorizer.ItemCategory 
category) {
	                          ^
  symbol:   class BlockPos
  location: class SmartDepositSystem
C:\Users\adamo\Desktop\mod\src\main\java\com\inventorymaster\client\SmartDeposi
tSystem.java:39: error: cannot find symbol
	public BlockPos getTargetChest(ItemCategorizer.ItemCategory category) {
	       ^
  symbol:   class BlockPos
  location: class SmartDepositSystem
C:\Users\adamo\Desktop\mod\src\main\java\com\inventorymaster\client\SmartDeposi
tSystem.java:50: error: cannot find symbol
	public ItemCategorizer.ItemCategory getChestCategory(BlockPos pos) {
	                                                     ^
  symbol:   class BlockPos
  location: class SmartDepositSystem
C:\Users\adamo\Desktop\mod\src\main\java\com\inventorymaster\client\SmartDeposi
tSystem.java:57: error: cannot find symbol

	public Set<BlockPos> getRegisteredChests() {
> Task :compileJava FAILED
	           ^
  symbol:   class BlockPos
  location: class SmartDepositSystem
C:\Users\adamo\Desktop\mod\src\main\java\com\inventorymaster\client\SmartDeposi
tSystem.java:64: error: cannot find symbol
	public void unregisterChest(BlockPos pos) {
	                            ^
  symbol:   class BlockPos
  location: class SmartDepositSystem

C:\Users\adamo\Desktop\mod\src\main\java\com\inventorymaster\client\VirtualBags
.java:3: error: package net.minecraft.item does not exist
Deprecated Gradle features were used in this build, making it incompatible with Gradle 9.0.
import net.minecraft.item.ItemStack;

                         ^
You can use '--warning-mode all' to show the individual deprecation warnings and determine if they come from your own scripts or plugins.
C:\Users\adamo\Desktop\mod\src\main\java\com\inventorymaster\client\VirtualBags
.java:32: error: cannot find symbol

	public List<ItemStack> getCurrentCategoryItems(List<ItemStack> allItems) {
For more on this, please refer to https://docs.gradle.org/8.7/userguide/command_line_interface.html#sec:command_line_warnings in the Gradle documentation.
	                                                    ^
2 actionable tasks: 2 executed
  symbol:   class ItemStack
  location: class VirtualBags
C:\Users\adamo\Desktop\mod\src\main\java\com\inventorymaster\client\VirtualBags
.java:32: error: cannot find symbol
	public List<ItemStack> getCurrentCategoryItems(List<ItemStack> allItems) {
	            ^
  symbol:   class ItemStack
  location: class VirtualBags
C:\Users\adamo\Desktop\mod\src\main\java\com\inventorymaster\client\VirtualBags
.java:46: error: cannot find symbol
	public List<ItemStack> getItemsForCategory(List<ItemStack> allItems, 
ItemCategorizer.ItemCategory category) {
	                                                ^
  symbol:   class ItemStack
  location: class VirtualBags
C:\Users\adamo\Desktop\mod\src\main\java\com\inventorymaster\client\VirtualBags
.java:46: error: cannot find symbol
	public List<ItemStack> getItemsForCategory(List<ItemStack> allItems, 
ItemCategorizer.ItemCategory category) {
	            ^
  symbol:   class ItemStack
  location: class VirtualBags
C:\Users\adamo\Desktop\mod\src\main\java\com\inventorymaster\client\VirtualBags
.java:53: error: cannot find symbol
	public Map<ItemCategorizer.ItemCategory, Integer> 
getCategoryCounts(List<ItemStack> allItems) {
	                                                                         ^
  symbol:   class ItemStack
  location: class VirtualBags
38 errors

FAILURE: Build failed with an exception.

* What went wrong:
Execution failed for task ':compileJava'.
> Compilation failed; see the compiler error output for details.

* Try:
> Run with --info option to get more log output.
> Run with --scan to get full insights.

BUILD FAILED in 1m
